// Jest Snapshot v1, https://goo.gl/fbAQLP

exports[`ListBoxField should render 1`] = `
<ListBoxField>
  <div
    className="bx--list-box__field"
    role="button"
    tabIndex="0"
  >
    <ListBoxSelection
      clearSelection={[MockFunction]}
      translateWithId={[Function]}
    >
      <div
        className="bx--list-box__selection"
        onClick={[Function]}
        onKeyDown={[Function]}
        role="button"
        tabIndex="0"
        title="Clear selected item"
      >
        <Icon
          description="Clear selected item"
          fillRule="evenodd"
          name="close"
          role="img"
        >
          <svg
            alt="Clear selected item"
            aria-label="Clear selected item"
            fillRule="evenodd"
            height="10"
            name="close"
            role="img"
            viewBox="0 0 10 10"
            width="10"
          >
            <title>
              Clear selected item
            </title>
            <path
              d="M9.8 8.6L8.4 10 5 6.4 1.4 10 0 8.6 3.6 5 .1 1.4 1.5 0 5 3.6 8.6 0 10 1.4 6.4 5z"
              key="key0"
            />
          </svg>
        </Icon>
      </div>
    </ListBoxSelection>
  </div>
</ListBoxField>
`;
