// Jest Snapshot v1, https://goo.gl/fbAQLP

exports[`DataTable.TableToolbarAction should render 1`] = `
<TableToolbarAction
  className="custom-class"
  iconDescription="Add"
  iconName="add--glyph"
>
  <button
    className="custom-class bx--toolbar-action"
  >
    <Icon
      className="bx--toolbar-action__icon"
      description="Add"
      fillRule="evenodd"
      name="add--glyph"
      role="img"
    >
      <svg
        alt="Add"
        aria-label="Add"
        className="bx--toolbar-action__icon"
        fillRule="evenodd"
        height="16"
        name="add--glyph"
        role="img"
        viewBox="0 0 16 16"
        width="16"
      >
        <title>
          Add
        </title>
        <path
          d="M8 0C3.6 0 0 3.6 0 8s3.6 8 8 8 8-3.6 8-8-3.6-8-8-8zm4 9H9v3H7V9H4V7h3V4h2v3h3v2z"
          key="key0"
        />
      </svg>
    </Icon>
  </button>
</TableToolbarAction>
`;
