// Jest Snapshot v1, https://goo.gl/fbAQLP

exports[`DataTable.TableBatchAction should render 1`] = `
<TableBatchAction
  className="custom-class"
  iconDescription="Add"
>
  <Button
    className="custom-class"
    disabled={false}
    icon="add--glyph"
    iconDescription="Add"
    kind="ghost"
    small={true}
    tabIndex={0}
    type="button"
  >
    <button
      className="custom-class bx--btn bx--btn--sm bx--btn--ghost"
      disabled={false}
      tabIndex={0}
      type="button"
    >
      <Icon
        className="bx--btn__icon"
        description="Add"
        fillRule="evenodd"
        name="add--glyph"
        role="img"
      >
        <svg
          alt="Add"
          aria-label="Add"
          className="bx--btn__icon"
          fillRule="evenodd"
          height="16"
          name="add--glyph"
          role="img"
          viewBox="0 0 16 16"
          width="16"
        >
          <title>
            Add
          </title>
          <path
            d="M8 0C3.6 0 0 3.6 0 8s3.6 8 8 8 8-3.6 8-8-3.6-8-8-8zm4 9H9v3H7V9H4V7h3V4h2v3h3v2z"
            key="key0"
          />
        </svg>
      </Icon>
    </button>
  </Button>
</TableBatchAction>
`;
